[*] 131 primary series scored (22 s)

=== primary constraints ===  (seen | unseen; floor seen 0.610, unseen 0.547; per-task floor 0.5)
   act_mag                  none ---          pooled 0.500 | 0.500±0.000   per-task 0.500 | 0.500±0.000
   act_mag                  0.83 ---          pooled 0.642 | 0.601±0.040   per-task 0.577 | 0.569±0.035
   act_mag                  0.91 ---          pooled 0.627 | 0.593±0.046   per-task 0.566 | 0.564±0.041
   act_mag                  0.96 ---          pooled 0.611 | 0.591±0.048   per-task 0.559 | 0.565±0.047
   act_dir                  none +++          pooled 0.532 | 0.512±0.016   per-task 0.525 | 0.512±0.013
   act_dir                  0.83 +++          pooled 0.635 | 0.623±0.054   per-task 0.606 | 0.615±0.038
   act_dir                  0.91 +++          pooled 0.612 | 0.604±0.058   per-task 0.579 | 0.599±0.040
   act_dir                  0.96 +++          pooled 0.584 | 0.565±0.052   per-task 0.559 | 0.560±0.049
   grip_flip                none ---          pooled 0.500 | 0.500±0.000   per-task 0.500 | 0.500±0.000
   grip_flip                0.83 -+- UNSTABLE pooled 0.548 | 0.477±0.031   per-task 0.509 | 0.483±0.015
   grip_flip                0.91 ++- UNSTABLE pooled 0.520 | 0.558±0.129   per-task 0.471 | 0.542±0.073
   grip_flip                0.96 +++          pooled 0.561 | 0.583±0.121   per-task 0.484 | 0.576±0.060
   act_rep                  none +++          pooled 0.500 | 0.500±0.000   per-task 0.500 | 0.500±0.000
   act_rep                  0.83 +++          pooled 0.666 | 0.628±0.019   per-task 0.615 | 0.605±0.023
   act_rep                  0.91 +++          pooled 0.671 | 0.628±0.016   per-task 0.620 | 0.608±0.018
   act_rep                  0.96 +++          pooled 0.672 | 0.629±0.016   per-task 0.623 | 0.613±0.012
   emb_temp            [28] none ---          pooled 0.754 | 0.719±0.036   per-task 0.742 | 0.725±0.055   [best of 32 on seen; layer median seen 0.744; unstable layers [1, 15]]
   emb_temp            [16] 0.83 ---          pooled 0.740 | 0.662±0.031   per-task 0.719 | 0.650±0.048   [best of 32 on seen; layer median seen 0.736; unstable layers none]
   emb_temp            [30] 0.91 ---          pooled 0.734 | 0.663±0.043   per-task 0.696 | 0.642±0.043   [best of 32 on seen; layer median seen 0.707; unstable layers [12, 13, 14, 15]]
   emb_temp            [29] 0.96 ---          pooled 0.709 | 0.648±0.031   per-task 0.676 | 0.624±0.021   [best of 32 on seen; layer median seen 0.678; unstable layers [11, 12, 13]]
   xl_adj              [ 3] none ---          pooled 0.571 | 0.481±0.102   per-task 0.597 | 0.534±0.079   [best of 31 on seen; layer median seen 0.429; unstable layers [12, 21, 22]]
   xl_adj              [ 2] 0.83 ---          pooled 0.645 | 0.581±0.080   per-task 0.615 | 0.565±0.098   [best of 31 on seen; layer median seen 0.480; unstable layers [6, 11, 12, 14, 15, 21, 22, 24]]
   xl_adj              [ 2] 0.91 ---          pooled 0.670 | 0.593±0.048   per-task 0.611 | 0.550±0.068   [best of 31 on seen; layer median seen 0.512; unstable layers [6, 10, 11, 12, 14, 15, 17, 21, 22, 24]]
   xl_adj              [29] 0.96 ---          pooled 0.656 | 0.622±0.034   per-task 0.560 | 0.521±0.040   [best of 31 on seen; layer median seen 0.534; unstable layers [0, 6, 10, 11, 13, 14, 15, 16, 21, 22, 24]]
   xl_final            [10] none ---          pooled 0.601 | 0.600±0.017   per-task 0.518 | 0.519±0.103   [best of 31 on seen; layer median seen 0.528; unstable layers none]
   xl_final            [10] 0.83 ---          pooled 0.619 | 0.601±0.016   per-task 0.580 | 0.523±0.080   [best of 31 on seen; layer median seen 0.553; unstable layers [19]]
   xl_final            [ 2] 0.91 ---          pooled 0.646 | 0.584±0.087   per-task 0.606 | 0.505±0.037   [best of 31 on seen; layer median seen 0.568; unstable layers [17, 18]]
   xl_final            [ 2] 0.96 ---          pooled 0.652 | 0.593±0.078   per-task 0.585 | 0.503±0.040   [best of 31 on seen; layer median seen 0.600; unstable layers [17, 18, 19]]
   xl_spread                none ---          pooled 0.390 | 0.373±0.103   per-task 0.415 | 0.392±0.069
   xl_spread                0.83 ---          pooled 0.507 | 0.475±0.155   per-task 0.525 | 0.489±0.070
   xl_spread                0.91 ---          pooled 0.524 | 0.507±0.151   per-task 0.552 | 0.533±0.060
   xl_spread                0.96 ---          pooled 0.543 | 0.525±0.144   per-task 0.604 | 0.573±0.052
   xl_final_hN         [25] none ---          pooled 0.577 | 0.546±0.046   per-task 0.516 | 0.448±0.065   [best of 32 on seen; layer median seen 0.458; unstable layers [17, 28]]
   xl_final_hN         [26] 0.83 ---          pooled 0.614 | 0.622±0.025   per-task 0.581 | 0.547±0.045   [best of 32 on seen; layer median seen 0.554; unstable layers [0, 22, 28, 29, 30, 31]]
   xl_final_hN         [26] 0.91 ---          pooled 0.620 | 0.638±0.003   per-task 0.604 | 0.567±0.047   [best of 32 on seen; layer median seen 0.565; unstable layers [0, 21, 22, 28, 29]]
   xl_final_hN         [26] 0.96 ---          pooled 0.613 | 0.652±0.033   per-task 0.612 | 0.577±0.052   [best of 32 on seen; layer median seen 0.566; unstable layers [0, 21, 22, 28, 29, 30]]

=== baselines ===  (seen | unseen; floor seen 0.610, unseen 0.547; per-task floor 0.5)
   token_prob_mean          none ---          pooled 0.461 | 0.485±0.068   per-task 0.441 | 0.476±0.069
   token_prob_mean          0.83 +-+ UNSTABLE pooled 0.529 | 0.511±0.032   per-task 0.539 | 0.476±0.053
   token_prob_mean          0.91 -++ UNSTABLE pooled 0.525 | 0.572±0.070   per-task 0.497 | 0.545±0.026
   token_prob_mean          0.96 -++ UNSTABLE pooled 0.547 | 0.560±0.065   per-task 0.528 | 0.539±0.032
   token_prob_max           none +++          pooled 0.500 | 0.500±0.000   per-task 0.500 | 0.500±0.000
   token_prob_max           0.83 -+- UNSTABLE pooled 0.544 | 0.572±0.145   per-task 0.486 | 0.574±0.119
   token_prob_max           0.91 -+- UNSTABLE pooled 0.544 | 0.572±0.147   per-task 0.487 | 0.577±0.121
   token_prob_max           0.96 -+- UNSTABLE pooled 0.544 | 0.574±0.150   per-task 0.493 | 0.577±0.122
   token_entropy_mean       none ---          pooled 0.388 | 0.396±0.035   per-task 0.398 | 0.403±0.091
   token_entropy_mean       0.83 +++          pooled 0.536 | 0.550±0.063   per-task 0.478 | 0.523±0.066
   token_entropy_mean       0.91 +++          pooled 0.558 | 0.574±0.075   per-task 0.509 | 0.550±0.072
   token_entropy_mean       0.96 ++- UNSTABLE pooled 0.543 | 0.577±0.060   per-task 0.551 | 0.539±0.052
   token_entropy_max        none +-- UNSTABLE pooled 0.381 | 0.469±0.084   per-task 0.375 | 0.477±0.094
   token_entropy_max        0.83 +++          pooled 0.544 | 0.565±0.126   per-task 0.529 | 0.571±0.155
   token_entropy_max        0.91 +++          pooled 0.521 | 0.572±0.087   per-task 0.496 | 0.587±0.119
   token_entropy_max        0.96 +++          pooled 0.511 | 0.558±0.054   per-task 0.493 | 0.575±0.070
   timestep                 none +++          pooled 0.610 | 0.547±0.090   per-task 0.500 | 0.500±0.000
   timestep                 0.83 +++          pooled 0.610 | 0.547±0.090   per-task 0.500 | 0.500±0.000
   timestep                 0.91 +++          pooled 0.610 | 0.547±0.090   per-task 0.500 | 0.500±0.000
   timestep                 0.96 +++          pooled 0.610 | 0.547±0.090   per-task 0.500 | 0.500±0.000
   failurespot              0.8  +++          pooled 0.510 | 0.491±0.125   per-task 0.492 | 0.477±0.061
   failurespot_neg          0.8  ---          pooled 0.580 | 0.574±0.053   per-task 0.568 | 0.542±0.052

=== nosink side table ===  (seen | unseen; floor seen 0.610, unseen 0.547; per-task floor 0.5)
   emb_temp_nosink     [ 9] none ---          pooled 0.758 | 0.728±0.029   per-task 0.743 | 0.716±0.051   [best of 32 on seen; layer median seen 0.743; unstable layers [1]]
   emb_temp_nosink     [16] 0.83 ---          pooled 0.739 | 0.664±0.029   per-task 0.717 | 0.652±0.044   [best of 32 on seen; layer median seen 0.733; unstable layers [11]]
   emb_temp_nosink     [31] 0.91 ---          pooled 0.728 | 0.656±0.036   per-task 0.693 | 0.642±0.043   [best of 32 on seen; layer median seen 0.708; unstable layers [11, 12, 13, 14, 15]]
   emb_temp_nosink     [31] 0.96 ---          pooled 0.704 | 0.641±0.017   per-task 0.659 | 0.617±0.022   [best of 32 on seen; layer median seen 0.678; unstable layers [11, 12]]
   xl_adj_nosink       [ 3] none ---          pooled 0.571 | 0.518±0.076   per-task 0.590 | 0.568±0.042   [best of 31 on seen; layer median seen 0.437; unstable layers [5, 10, 11, 12, 21, 22]]
   xl_adj_nosink       [ 3] 0.83 ---          pooled 0.666 | 0.581±0.052   per-task 0.643 | 0.587±0.008   [best of 31 on seen; layer median seen 0.494; unstable layers [6, 10, 11, 12, 17, 21, 24]]
   xl_adj_nosink       [ 2] 0.91 ---          pooled 0.653 | 0.613±0.051   per-task 0.605 | 0.585±0.105   [best of 31 on seen; layer median seen 0.505; unstable layers [6, 10, 11, 12, 16, 19, 21, 24]]
   xl_adj_nosink       [ 2] 0.96 ---          pooled 0.667 | 0.594±0.011   per-task 0.614 | 0.560±0.069   [best of 31 on seen; layer median seen 0.535; unstable layers [5, 6, 11, 16, 19, 20, 21, 24, 30]]
   xl_final_nosink     [ 5] none ---          pooled 0.594 | 0.550±0.030   per-task 0.519 | 0.544±0.056   [best of 31 on seen; layer median seen 0.540; unstable layers none]
   xl_final_nosink     [ 5] 0.83 ---          pooled 0.690 | 0.597±0.065   per-task 0.628 | 0.590±0.012   [best of 31 on seen; layer median seen 0.581; unstable layers [0]]
   xl_final_nosink     [ 5] 0.91 ---          pooled 0.695 | 0.581±0.073   per-task 0.665 | 0.586±0.009   [best of 31 on seen; layer median seen 0.596; unstable layers [0]]
   xl_final_nosink     [15] 0.96 ---          pooled 0.701 | 0.607±0.100   per-task 0.705 | 0.608±0.095   [best of 31 on seen; layer median seen 0.593; unstable layers [0, 11, 30]]
   xl_spread_nosink         none ---          pooled 0.393 | 0.422±0.135   per-task 0.425 | 0.465±0.108
   xl_spread_nosink         0.83 ---          pooled 0.406 | 0.421±0.117   per-task 0.461 | 0.489±0.087
   xl_spread_nosink         0.91 ---          pooled 0.438 | 0.444±0.102   per-task 0.511 | 0.517±0.061
   xl_spread_nosink         0.96 ---          pooled 0.452 | 0.457±0.079   per-task 0.525 | 0.532±0.030
   xl_final_hN_nosink  [10] none ---          pooled 0.525 | 0.451±0.050   per-task 0.540 | 0.418±0.042   [best of 32 on seen; layer median seen 0.428; unstable layers [22, 23, 24, 25, 26, 27, 28, 30, 31]]
   xl_final_hN_nosink  [ 7] 0.83 ---          pooled 0.617 | 0.535±0.044   per-task 0.615 | 0.471±0.040   [best of 32 on seen; layer median seen 0.489; unstable layers [22, 28, 29, 30, 31]]
   xl_final_hN_nosink  [ 7] 0.91 ---          pooled 0.658 | 0.569±0.076   per-task 0.633 | 0.502±0.082   [best of 32 on seen; layer median seen 0.516; unstable layers [0, 21, 22, 23, 24, 25, 28, 29, 30, 31]]
   xl_final_hN_nosink  [ 7] 0.96 ---          pooled 0.681 | 0.598±0.100   per-task 0.664 | 0.549±0.099   [best of 32 on seen; layer median seen 0.571; unstable layers [0, 20, 21, 22, 23, 24, 25, 26]]

=== training cut and row weights (outcome-trained models) ===
   seed 0 before, >= 1 success: t <= 499, rows 52071 (succ 16143, fail 35928); max/mean 52.2, top 1% share 0.126, ESS 13689 (0.26 of rows)
   seed 0 after,  >= 5 successes: t <= 435, rows 47347 (succ 16027, fail 31320); max/mean 10.9, top 1% share 0.079, ESS 26600 (0.56 of rows)
   seed 1 before, >= 1 success: t <= 499, rows 48781 (succ 18841, fail 29940); max/mean 48.9, top 1% share 0.123, ESS 11533 (0.24 of rows)
   seed 1 after,  >= 5 successes: t <= 416, rows 43643 (succ 18683, fail 24960); max/mean 10.5, top 1% share 0.058, ESS 31029 (0.71 of rows)
   seed 2 before, >= 1 success: t <= 511, rows 52448 (succ 14123, fail 38325); max/mean 51.3, top 1% share 0.163, ESS 9258 (0.18 of rows)
   seed 2 after,  >= 5 successes: t <= 392, rows 43311 (succ 13911, fail 29400); max/mean 11.0, top 1% share 0.073, ESS 26080 (0.60 of rows)

[*] tasks entering per-task M1 per seed: {'seen': [7, 7, 7], 'unseen': [3, 3, 3]}
[*] 546 rows -> results/abc/constraint_m1.csv; 508 rows -> results/abc/constraint_m1_nosink.csv (45 s)
