[*] beta per family {'action': '0.96', 'emb_temp': 'none', 'cross_layer': '0.91'}; skipped unstable targets ['emb_temp[15]', 'emb_temp[1]', 'xl_final[17]', 'xl_final[18]']; 124 probes per H, 372 in all
[pass 1  1/32] layer 0 (15 s)
[pass 1  2/32] layer 1 (42 s)
[pass 1  3/32] layer 2 (70 s)
[pass 1  4/32] layer 3 (97 s)
[pass 1  5/32] layer 4 (124 s)
[pass 1  6/32] layer 5 (151 s)
[pass 1  7/32] layer 6 (177 s)
[pass 1  8/32] layer 7 (203 s)
[pass 1  9/32] layer 8 (230 s)
[pass 1 10/32] layer 9 (257 s)
[pass 1 11/32] layer 10 (284 s)
[pass 1 12/32] layer 11 (311 s)
[pass 1 13/32] layer 12 (339 s)
[pass 1 14/32] layer 13 (366 s)
[pass 1 15/32] layer 14 (393 s)
[pass 1 16/32] layer 15 (417 s)
[pass 1 17/32] layer 16 (445 s)
[pass 1 18/32] layer 17 (470 s)
[pass 1 19/32] layer 18 (496 s)
[pass 1 20/32] layer 19 (522 s)
[pass 1 21/32] layer 20 (548 s)
[pass 1 22/32] layer 21 (575 s)
[pass 1 23/32] layer 22 (601 s)
[pass 1 24/32] layer 23 (627 s)
[pass 1 25/32] layer 24 (653 s)
[pass 1 26/32] layer 25 (678 s)
[pass 1 27/32] layer 26 (703 s)
[pass 1 28/32] layer 27 (728 s)
[pass 1 29/32] layer 28 (753 s)
[pass 1 30/32] layer 29 (777 s)
[pass 1 31/32] layer 30 (801 s)
[pass 1 32/32] layer 31 (825 s)
[*] grid c = 0.0001
[pass 2  1/32] layer 0 (833 s)
[pass 2  2/32] layer 1 (842 s)
[pass 2  3/32] layer 2 (851 s)
[pass 2  4/32] layer 3 (860 s)
[pass 2  5/32] layer 4 (870 s)
[pass 2  6/32] layer 5 (879 s)
[pass 2  7/32] layer 6 (888 s)
[pass 2  8/32] layer 7 (896 s)
[pass 2  9/32] layer 8 (905 s)
[pass 2 10/32] layer 9 (914 s)
[pass 2 11/32] layer 10 (922 s)
[pass 2 12/32] layer 11 (931 s)
[pass 2 13/32] layer 12 (940 s)
[pass 2 14/32] layer 13 (948 s)
[pass 2 15/32] layer 14 (957 s)
[pass 2 16/32] layer 15 (963 s)
[pass 2 17/32] layer 16 (972 s)
[pass 2 18/32] layer 17 (980 s)
[pass 2 19/32] layer 18 (987 s)
[pass 2 20/32] layer 19 (995 s)
[pass 2 21/32] layer 20 (1003 s)
[pass 2 22/32] layer 21 (1011 s)
[pass 2 23/32] layer 22 (1018 s)
[pass 2 24/32] layer 23 (1025 s)
[pass 2 25/32] layer 24 (1033 s)
[pass 2 26/32] layer 25 (1040 s)
[pass 2 27/32] layer 26 (1046 s)
[pass 2 28/32] layer 27 (1053 s)
[pass 2 29/32] layer 28 (1060 s)
[pass 2 30/32] layer 29 (1066 s)
[pass 2 31/32] layer 30 (1072 s)
[pass 2 32/32] layer 31 (1079 s)

=== grid c: mean eval_seen AUROC at predicting own targets (mean ± std over seeds) ===
   1        0.779±0.013
   0.01     0.812±0.012
   0.001    0.839±0.012
   0.0001   0.857±0.012  <- chosen
   1e-05    0.854±0.013
   1e-06    0.830±0.016

=== layer x target map: unseen AUROC at predicting the probe's own target (c = 0.0001) ===
   H = 0:  layer    act_rep    act_mag   emb_temp   xl_final
                  0      0.846      0.709      0.807      0.812
                  1      0.851      0.721     unstbl      0.705
                  2      0.863      0.733      0.828      0.694
                  3      0.858      0.738      0.815      0.689
                  4      0.859      0.738      0.814      0.707
                  5      0.858      0.748      0.819      0.719
                  6      0.860      0.749      0.811      0.737
                  7      0.856      0.757      0.814      0.755
                  8      0.863      0.745      0.811      0.739
                  9      0.859      0.748      0.799      0.707
                 10      0.871      0.751      0.793      0.698
                 11      0.872      0.770      0.782      0.723
                 12      0.862      0.769      0.769      0.792
                 13      0.856      0.769      0.754      0.808
                 14      0.857      0.786      0.744      0.852
                 15      0.858      0.790     unstbl      0.848
                 16      0.855      0.782      0.739      0.844
                 17      0.850      0.781      0.734     unstbl
                 18      0.852      0.779      0.735     unstbl
                 19      0.858      0.775      0.736      0.781
                 20      0.863      0.769      0.740      0.817
                 21      0.862      0.774      0.745      0.859
                 22      0.863      0.776      0.748      0.844
                 23      0.852      0.769      0.751      0.863
                 24      0.852      0.779      0.759      0.863
                 25      0.848      0.781      0.763      0.846
                 26      0.845      0.785      0.767      0.843
                 27      0.843      0.781      0.774      0.862
                 28      0.841      0.787      0.778      0.860
                 29      0.835      0.788      0.785      0.831
                 30      0.826      0.786      0.792      0.802
                 31      0.831      0.794      0.799      0.803
   H = 10:  layer    act_rep    act_mag   emb_temp   xl_final
                  0      0.854      0.727      0.754      0.811
                  1      0.859      0.737     unstbl      0.716
                  2      0.868      0.747      0.778      0.691
                  3      0.863      0.753      0.771      0.709
                  4      0.865      0.753      0.773      0.722
                  5      0.863      0.760      0.775      0.731
                  6      0.868      0.762      0.780      0.757
                  7      0.865      0.770      0.779      0.775
                  8      0.872      0.760      0.786      0.755
                  9      0.870      0.763      0.783      0.707
                 10      0.880      0.767      0.774      0.719
                 11      0.880      0.787      0.779      0.727
                 12      0.873      0.782      0.781      0.763
                 13      0.871      0.778      0.787      0.805
                 14      0.869      0.793      0.775      0.863
                 15      0.870      0.803     unstbl      0.854
                 16      0.866      0.795      0.779      0.842
                 17      0.863      0.793      0.783     unstbl
                 18      0.863      0.791      0.781     unstbl
                 19      0.867      0.787      0.783      0.801
                 20      0.871      0.783      0.773      0.831
                 21      0.870      0.787      0.777      0.873
                 22      0.871      0.788      0.785      0.861
                 23      0.862      0.782      0.784      0.878
                 24      0.863      0.791      0.790      0.872
                 25      0.861      0.793      0.792      0.856
                 26      0.861      0.797      0.797      0.846
                 27      0.857      0.794      0.804      0.876
                 28      0.853      0.800      0.809      0.862
                 29      0.848      0.803      0.814      0.841
                 30      0.838      0.803      0.820      0.817
                 31      0.846      0.811      0.822      0.821
   H = 25:  layer    act_rep    act_mag   emb_temp   xl_final
                  0      0.857      0.738      0.725      0.795
                  1      0.866      0.745     unstbl      0.717
                  2      0.875      0.759      0.693      0.676
                  3      0.871      0.764      0.696      0.698
                  4      0.872      0.764      0.703      0.711
                  5      0.870      0.768      0.704      0.727
                  6      0.874      0.765      0.715      0.734
                  7      0.870      0.773      0.687      0.773
                  8      0.879      0.765      0.706      0.760
                  9      0.876      0.770      0.698      0.706
                 10      0.885      0.772      0.688      0.686
                 11      0.887      0.789      0.696      0.696
                 12      0.879      0.779      0.690      0.727
                 13      0.874      0.773      0.694      0.775
                 14      0.871      0.785      0.689      0.840
                 15      0.872      0.794     unstbl      0.823
                 16      0.869      0.790      0.733      0.804
                 17      0.868      0.787      0.734     unstbl
                 18      0.868      0.784      0.734     unstbl
                 19      0.874      0.784      0.743      0.768
                 20      0.879      0.782      0.746      0.806
                 21      0.878      0.786      0.743      0.833
                 22      0.878      0.789      0.747      0.813
                 23      0.875      0.784      0.759      0.848
                 24      0.876      0.792      0.768      0.838
                 25      0.876      0.790      0.770      0.822
                 26      0.876      0.792      0.783      0.818
                 27      0.871      0.789      0.796      0.841
                 28      0.868      0.797      0.800      0.838
                 29      0.862      0.802      0.810      0.809
                 30      0.853      0.801      0.823      0.786
                 31      0.858      0.810      0.819      0.792

=== B final detectors (running sum; eval_seen | unseen; floor pooled 0.610 | 0.547, per-task 0.5; tasks 7 | 3) ===
   c grid, eval_seen M1-per-task (mean ± std) and weights keeping their sign:
   H= 0: 1: 0.746±0.054 [48/124]   0.01: 0.765±0.039 [50/124]*   0.001: 0.753±0.029 [57/124]   0.0001: 0.723±0.053 [67/124]   1e-05: 0.729±0.025 [107/124]   1e-06: 0.753±0.031 [115/124]
   H=10: 1: 0.748±0.026 [38/124]   0.01: 0.776±0.020 [41/124]   0.001: 0.782±0.019 [49/124]*   0.0001: 0.730±0.015 [67/124]   1e-05: 0.766±0.012 [109/124]   1e-06: 0.781±0.048 [114/124]
   H=25: 1: 0.749±0.042 [53/124]   0.01: 0.782±0.035 [46/124]   0.001: 0.778±0.024 [52/124]   0.0001: 0.752±0.030 [64/124]   1e-05: 0.789±0.028 [111/124]*   1e-06: 0.786±0.054 [105/124]
   H= 0 full             c=0.01   (124 in) pooled 0.801±0.018 | 0.728±0.061   per-task 0.765±0.039 | 0.693±0.030   sign consistent 50/124
   H= 0 only_act_rep     c=0.01   ( 32 in) pooled 0.714±0.033 | 0.634±0.109   per-task 0.720±0.034 | 0.686±0.013
   H= 0 only_act_mag     c=0.01   ( 32 in) pooled 0.727±0.020 | 0.691±0.056   per-task 0.778±0.026 | 0.698±0.030
   H= 0 only_emb_temp    c=0.01   ( 30 in) pooled 0.753±0.005 | 0.698±0.078   per-task 0.787±0.020 | 0.709±0.023
   H= 0 only_xl_final    c=0.01   ( 30 in) pooled 0.780±0.029 | 0.716±0.065   per-task 0.744±0.014 | 0.693±0.048
   H=10 full             c=0.001  (124 in) pooled 0.786±0.023 | 0.728±0.045   per-task 0.782±0.019 | 0.709±0.047   sign consistent 49/124
   H=10 only_act_rep     c=0.001  ( 32 in) pooled 0.708±0.026 | 0.648±0.108   per-task 0.728±0.002 | 0.712±0.013
   H=10 only_act_mag     c=0.001  ( 32 in) pooled 0.726±0.024 | 0.696±0.080   per-task 0.783±0.025 | 0.733±0.021
   H=10 only_emb_temp    c=0.001  ( 30 in) pooled 0.740±0.008 | 0.710±0.025   per-task 0.803±0.032 | 0.739±0.063
   H=10 only_xl_final    c=0.001  ( 30 in) pooled 0.761±0.025 | 0.712±0.065   per-task 0.739±0.032 | 0.693±0.053
   H=25 full             c=1e-05  (124 in) pooled 0.749±0.008 | 0.715±0.058   per-task 0.789±0.028 | 0.730±0.030   sign consistent 111/124
   H=25 only_act_rep     c=1e-05  ( 32 in) pooled 0.691±0.018 | 0.638±0.101   per-task 0.711±0.045 | 0.707±0.019
   H=25 only_act_mag     c=1e-05  ( 32 in) pooled 0.697±0.022 | 0.662±0.099   per-task 0.727±0.066 | 0.668±0.087
   H=25 only_emb_temp    c=1e-05  ( 30 in) pooled 0.719±0.011 | 0.688±0.084   per-task 0.793±0.042 | 0.743±0.034
   H=25 only_xl_final    c=1e-05  ( 30 in) pooled 0.683±0.027 | 0.613±0.107   per-task 0.648±0.125 | 0.598±0.032

[*] done (1139 s)
